../Drivers/nrf24/NRF24.c:16:6:csn_high	8	static
../Drivers/nrf24/NRF24.c:20:6:csn_low	8	static
../Drivers/nrf24/NRF24.c:24:6:ce_high	8	static
../Drivers/nrf24/NRF24.c:28:6:ce_low	8	static
../Drivers/nrf24/NRF24.c:32:6:nrf24_w_reg	24	static
../Drivers/nrf24/NRF24.c:44:9:nrf24_r_reg	24	static
../Drivers/nrf24/NRF24.c:58:6:nrf24_w_spec_cmd	16	static
../Drivers/nrf24/NRF24.c:62:6:nrf24_w_spec_reg	16	static
../Drivers/nrf24/NRF24.c:66:6:nrf24_r_spec_reg	16	static
../Drivers/nrf24/NRF24.c:70:6:nrf24_pwr_up	16	static
../Drivers/nrf24/NRF24.c:80:6:nrf24_pwr_dwn	16	static
../Drivers/nrf24/NRF24.c:90:6:nrf24_tx_pwr	24	static
../Drivers/nrf24/NRF24.c:102:6:nrf24_data_rate	24	static
../Drivers/nrf24/NRF24.c:118:6:nrf24_set_channel	16	static
../Drivers/nrf24/NRF24.c:122:6:nrf24_open_tx_pipe	16	static
../Drivers/nrf24/NRF24.c:126:6:nrf24_pipe_pld_size	16	static
../Drivers/nrf24/NRF24.c:159:6:nrf24_open_rx_pipe	24	static
../Drivers/nrf24/NRF24.c:201:6:nrf24_cls_rx_pipe	24	static
../Drivers/nrf24/NRF24.c:209:6:nrf24_set_crc	24	static
../Drivers/nrf24/NRF24.c:219:6:nrf24_set_addr_width	16	static
../Drivers/nrf24/NRF24.c:224:6:nrf24_flush_tx	8	static
../Drivers/nrf24/NRF24.c:230:6:nrf24_flush_rx	8	static
../Drivers/nrf24/NRF24.c:236:9:nrf24_r_status	24	static
../Drivers/nrf24/NRF24.c:247:6:nrf24_clear_rx_dr	16	static
../Drivers/nrf24/NRF24.c:257:6:nrf24_clear_tx_ds	16	static
../Drivers/nrf24/NRF24.c:267:6:nrf24_clear_max_rt	16	static
../Drivers/nrf24/NRF24.c:277:9:nrf24_read_bit	16	static
../Drivers/nrf24/NRF24.c:286:6:nrf24_set_bit	24	static
../Drivers/nrf24/NRF24.c:300:9:nrf24_r_pld_wid	16	static
../Drivers/nrf24/NRF24.c:311:6:nrf24_listen	16	static
../Drivers/nrf24/NRF24.c:323:6:nrf24_stop_listen	16	static
../Drivers/nrf24/NRF24.c:333:6:nrf24_dpl	24	static
../Drivers/nrf24/NRF24.c:345:6:nrf24_set_rx_dpl	24	static
../Drivers/nrf24/NRF24.c:362:6:nrf24_auto_ack	24	static
../Drivers/nrf24/NRF24.c:379:6:nrf24_auto_ack_all	24	static
../Drivers/nrf24/NRF24.c:391:6:nrf24_en_ack_pld	24	static
../Drivers/nrf24/NRF24.c:403:6:nrf24_en_dyn_ack	24	static
../Drivers/nrf24/NRF24.c:415:6:nrf24_auto_retr_delay	24	static
../Drivers/nrf24/NRF24.c:425:6:nrf24_auto_retr_limit	24	static
../Drivers/nrf24/NRF24.c:435:6:nrf24_type_to_uint8_t	32	static
../Drivers/nrf24/NRF24.c:441:8:nrf24_uint8_t_to_type	24	static
../Drivers/nrf24/NRF24.c:452:9:nrf24_transmit	24	static
../Drivers/nrf24/NRF24.c:476:9:nrf24_transmit_no_ack	24	static
../Drivers/nrf24/NRF24.c:500:6:nrf24_transmit_rx_ack_pld	24	static
../Drivers/nrf24/NRF24.c:515:9:nrf24_carrier_detect	8	static
../Drivers/nrf24/NRF24.c:519:9:nrf24_data_available	16	static
../Drivers/nrf24/NRF24.c:530:6:nrf24_receive	24	static
../Drivers/nrf24/NRF24.c:543:6:delay_us	24	static
../Drivers/nrf24/NRF24.c:551:6:nrf24_start_const_carrier	4	static
../Drivers/nrf24/NRF24.c:555:6:nrf24_stop_const_carrier	4	static
../Drivers/nrf24/NRF24.c:559:6:nrf24_defaults	16	static
../Drivers/nrf24/NRF24.c:591:6:nrf24_init	8	static
